>>> text_indentation = __import__('5-text_indentation').text_indentation

>>> text_indentation("Hello")
Hello

>>> text_indentation("    ")

>>> text_indentation(5)
Traceback (most recent call last):
...
TypeError: text must be a string

>>> text_indentation({})
Traceback (most recent call last):
...
TypeError: text must be a string

>>> text_indentation(".")
.
<BLANKLINE>

>>> text_indentation("START       ?    ")
START       ?
<BLANKLINE>

>>> text_indentation("     MIDDLE     :")
MIDDLE     :
<BLANKLINE>

>>> text_indentation("             END.")
END.
<BLANKLINE>

>>> text_indentation("?:.")
?
<BLANKLINE>
:
<BLANKLINE>
.
<BLANKLINE>

>>> text_indentation("   A mix of delimiters and text: here is a sentence. And another?")
A mix of delimiters and text:
here is a sentence.
And another?

>>> text_indentation("Text without delimiters, but with leading and trailing spaces.   ")
Text without delimiters, but with leading and trailing spaces.
<BLANKLINE>
